// Jest Snapshot v1, https://goo.gl/fbAQLP

exports[`CocktailCard should match the snapshot 1`] = `
<DocumentFragment>
  <div
    class="CocktailCard"
  >
    <img
      alt="drink"
    />
    <h3
      class="coctail-name"
    >
      Margarita
    </h3>
    <span
      class="alcoholic"
    >
      Alcoholic
    </span>
    <span
      class="ordinaryDrink"
    >
      Ordinary Drink
    </span>
  </div>
</DocumentFragment>
`;
